// Bun Snapshot v1, https://bun.sh/docs/test/snapshots

exports[`router extension tests exposes the private DigitalPuddle capability matrix 1`] = `
{
  "legend": {
    "engine-backed": "Supported workflow that delegates side effects to worker-owned engine ports.",
    "scriptable": "Deterministic state, validation, scheduler, or worker behaviour without an engine adapter.",
    "stubbed": "Deterministic static or lightweight response, not full control-plane modelling.",
    "unsupported": "Known operation that is intentionally unavailable in this release.",
  },
  "rows": [
    {
      "capability": "engine-backed",
      "exposeInDocs": true,
      "method": "DELETE",
      "notes": "Tears down k3d cluster.",
      "operationId": "kubernetes.deleteCluster",
      "operationKey": "DELETE /v2/kubernetes/clusters/{id}",
      "path": "/v2/kubernetes/clusters/{id}",
      "productArea": "Kubernetes",
      "releaseStage": "v1",
      "runtimeBehaviour": "worker",
    },
    {
      "capability": "scriptable",
      "exposeInDocs": true,
      "method": "DELETE",
      "operationId": "sshKeys.delete",
      "operationKey": "DELETE /v2/ssh_keys/{id}",
      "path": "/v2/ssh_keys/{id}",
      "productArea": "SSH keys",
      "releaseStage": "v1",
      "runtimeBehaviour": "handler",
    },
    {
      "capability": "scriptable",
      "exposeInDocs": true,
      "method": "GET",
      "operationId": "account.get",
      "operationKey": "GET /v2/account",
      "path": "/v2/account",
      "productArea": "Account",
      "releaseStage": "v1",
      "runtimeBehaviour": "handler",
    },
    {
      "capability": "scriptable",
      "exposeInDocs": true,
      "method": "GET",
      "operationId": "account.getRateLimit",
      "operationKey": "GET /v2/account/ratelimit",
      "path": "/v2/account/ratelimit",
      "productArea": "Account",
      "releaseStage": "v1",
      "runtimeBehaviour": "handler",
    },
    {
      "capability": "scriptable",
      "exposeInDocs": true,
      "method": "GET",
      "operationId": "actions.get",
      "operationKey": "GET /v2/actions/{id}",
      "path": "/v2/actions/{id}",
      "productArea": "Actions",
      "releaseStage": "v1",
      "runtimeBehaviour": "handler",
    },
    {
      "capability": "unsupported",
      "exposeInDocs": true,
      "followOnPhase": "Droplet slice",
      "method": "GET",
      "notes": "Droplet routes and engines are deferred by ADR 0006.",
      "operationId": "droplets.list",
      "operationKey": "GET /v2/droplets",
      "path": "/v2/droplets",
      "productArea": "Droplets",
      "releaseStage": "v1",
      "runtimeBehaviour": "not-implemented",
      "unsupported": {
        "behaviour": "not-implemented",
      },
    },
    {
      "capability": "scriptable",
      "exposeInDocs": true,
      "method": "GET",
      "operationId": "images.list",
      "operationKey": "GET /v2/images",
      "path": "/v2/images",
      "productArea": "Images",
      "releaseStage": "v1",
      "runtimeBehaviour": "handler",
    },
    {
      "capability": "scriptable",
      "exposeInDocs": true,
      "method": "GET",
      "operationId": "kubernetes.listClusters",
      "operationKey": "GET /v2/kubernetes/clusters",
      "path": "/v2/kubernetes/clusters",
      "productArea": "Kubernetes",
      "releaseStage": "v1",
      "runtimeBehaviour": "handler",
    },
    {
      "capability": "scriptable",
      "exposeInDocs": true,
      "method": "GET",
      "notes": "Status reflects worker progression.",
      "operationId": "kubernetes.getCluster",
      "operationKey": "GET /v2/kubernetes/clusters/{id}",
      "path": "/v2/kubernetes/clusters/{id}",
      "productArea": "Kubernetes",
      "releaseStage": "v1",
      "runtimeBehaviour": "handler",
    },
    {
      "capability": "engine-backed",
      "exposeInDocs": true,
      "method": "GET",
      "notes": "Returns kubeconfig YAML.",
      "operationId": "kubernetes.getKubeconfig",
      "operationKey": "GET /v2/kubernetes/clusters/{id}/kubeconfig",
      "path": "/v2/kubernetes/clusters/{id}/kubeconfig",
      "productArea": "Kubernetes",
      "releaseStage": "v1",
      "runtimeBehaviour": "worker",
    },
    {
      "capability": "scriptable",
      "exposeInDocs": true,
      "method": "GET",
      "notes": "Lists initial pool state created with the cluster.",
      "operationId": "kubernetes.listNodePools",
      "operationKey": "GET /v2/kubernetes/clusters/{id}/node_pools",
      "path": "/v2/kubernetes/clusters/{id}/node_pools",
      "productArea": "Kubernetes",
      "releaseStage": "v1",
      "runtimeBehaviour": "handler",
    },
    {
      "capability": "scriptable",
      "exposeInDocs": true,
      "method": "GET",
      "notes": "Retrieves initial pool state.",
      "operationId": "kubernetes.getNodePool",
      "operationKey": "GET /v2/kubernetes/clusters/{id}/node_pools/{pool_id}",
      "path": "/v2/kubernetes/clusters/{id}/node_pools/{pool_id}",
      "productArea": "Kubernetes",
      "releaseStage": "v1",
      "runtimeBehaviour": "handler",
    },
    {
      "capability": "stubbed",
      "exposeInDocs": true,
      "method": "GET",
      "notes": "Static supported versions and options.",
      "operationId": "kubernetes.getOptions",
      "operationKey": "GET /v2/kubernetes/options",
      "path": "/v2/kubernetes/options",
      "productArea": "Kubernetes",
      "releaseStage": "v1",
      "runtimeBehaviour": "fixture",
    },
    {
      "capability": "scriptable",
      "exposeInDocs": true,
      "method": "GET",
      "operationId": "projects.list",
      "operationKey": "GET /v2/projects",
      "path": "/v2/projects",
      "productArea": "Projects",
      "releaseStage": "v1",
      "runtimeBehaviour": "handler",
    },
    {
      "capability": "scriptable",
      "exposeInDocs": true,
      "method": "GET",
      "operationId": "projects.get",
      "operationKey": "GET /v2/projects/{id}",
      "path": "/v2/projects/{id}",
      "productArea": "Projects",
      "releaseStage": "v1",
      "runtimeBehaviour": "handler",
    },
    {
      "capability": "scriptable",
      "exposeInDocs": true,
      "method": "GET",
      "operationId": "projects.listResources",
      "operationKey": "GET /v2/projects/{id}/resources",
      "path": "/v2/projects/{id}/resources",
      "productArea": "Projects",
      "releaseStage": "v1",
      "runtimeBehaviour": "handler",
    },
    {
      "capability": "scriptable",
      "exposeInDocs": true,
      "method": "GET",
      "operationId": "regions.list",
      "operationKey": "GET /v2/regions",
      "path": "/v2/regions",
      "productArea": "Regions",
      "releaseStage": "v1",
      "runtimeBehaviour": "handler",
    },
    {
      "capability": "scriptable",
      "exposeInDocs": true,
      "method": "GET",
      "operationId": "sizes.list",
      "operationKey": "GET /v2/sizes",
      "path": "/v2/sizes",
      "productArea": "Sizes",
      "releaseStage": "v1",
      "runtimeBehaviour": "handler",
    },
    {
      "capability": "unsupported",
      "exposeInDocs": true,
      "followOnPhase": "Spaces access-key control plane",
      "method": "GET",
      "notes": "Spaces object traffic goes directly to MinIO in v1.",
      "operationId": "spacesKeys.list",
      "operationKey": "GET /v2/spaces/keys",
      "path": "/v2/spaces/keys",
      "productArea": "Spaces",
      "releaseStage": "v1",
      "runtimeBehaviour": "not-implemented",
      "unsupported": {
        "behaviour": "not-implemented",
      },
    },
    {
      "capability": "scriptable",
      "exposeInDocs": true,
      "method": "GET",
      "operationId": "sshKeys.list",
      "operationKey": "GET /v2/ssh_keys",
      "path": "/v2/ssh_keys",
      "productArea": "SSH keys",
      "releaseStage": "v1",
      "runtimeBehaviour": "handler",
    },
    {
      "capability": "scriptable",
      "exposeInDocs": true,
      "method": "GET",
      "operationId": "sshKeys.get",
      "operationKey": "GET /v2/ssh_keys/{id}",
      "path": "/v2/ssh_keys/{id}",
      "productArea": "SSH keys",
      "releaseStage": "v1",
      "runtimeBehaviour": "handler",
    },
    {
      "capability": "engine-backed",
      "exposeInDocs": true,
      "method": "POST",
      "notes": "Provisions k3d-backed cluster.",
      "operationId": "kubernetes.createCluster",
      "operationKey": "POST /v2/kubernetes/clusters",
      "path": "/v2/kubernetes/clusters",
      "productArea": "Kubernetes",
      "releaseStage": "v1",
      "runtimeBehaviour": "worker",
    },
    {
      "capability": "scriptable",
      "exposeInDocs": true,
      "method": "POST",
      "operationId": "projects.create",
      "operationKey": "POST /v2/projects",
      "path": "/v2/projects",
      "productArea": "Projects",
      "releaseStage": "v1",
      "runtimeBehaviour": "handler",
    },
    {
      "capability": "scriptable",
      "exposeInDocs": true,
      "method": "POST",
      "operationId": "projects.assignResources",
      "operationKey": "POST /v2/projects/{id}/resources",
      "path": "/v2/projects/{id}/resources",
      "productArea": "Projects",
      "releaseStage": "v1",
      "runtimeBehaviour": "handler",
    },
    {
      "capability": "scriptable",
      "exposeInDocs": true,
      "method": "POST",
      "operationId": "sshKeys.create",
      "operationKey": "POST /v2/ssh_keys",
      "path": "/v2/ssh_keys",
      "productArea": "SSH keys",
      "releaseStage": "v1",
      "runtimeBehaviour": "handler",
    },
    {
      "capability": "unsupported",
      "exposeInDocs": true,
      "followOnPhase": "node-pool scale operations",
      "method": "PUT",
      "notes": "Mutating node-pool operations are deferred by ADR 0006.",
      "operationId": "kubernetes.updateNodePool",
      "operationKey": "PUT /v2/kubernetes/clusters/{id}/node_pools/{pool_id}",
      "path": "/v2/kubernetes/clusters/{id}/node_pools/{pool_id}",
      "productArea": "Kubernetes",
      "releaseStage": "v1",
      "runtimeBehaviour": "not-implemented",
      "unsupported": {
        "behaviour": "not-implemented",
      },
    },
  ],
}
`;
